../Core/Src/main.c:106:9:read_encoder_value_1	16	static
../Core/Src/main.c:122:9:read_encoder_value_2	16	static
../Core/Src/main.c:138:9:read_encoder_value_3	16	static
../Core/Src/main.c:154:6:vel_calc	136	static
../Core/Src/main.c:185:6:HAL_TIM_PeriodElapsedCallback	32	static
../Core/Src/main.c:237:6:FDCAN_RxTxSettings	40	static
../Core/Src/main.c:279:5:_write	24	static
../Core/Src/main.c:290:5:main	8	static
../Core/Src/main.c:356:6:SystemClock_Config	88	static
../Core/Src/main.c:403:13:MX_FDCAN1_Init	8	static
../Core/Src/main.c:446:13:MX_I2C1_Init	8	static
../Core/Src/main.c:494:13:MX_TIM2_Init	80	static
../Core/Src/main.c:554:13:MX_TIM3_Init	56	static
../Core/Src/main.c:603:13:MX_TIM5_Init	56	static
../Core/Src/main.c:652:13:MX_TIM6_Init	24	static
../Core/Src/main.c:690:13:MX_USART2_UART_Init	8	static
../Core/Src/main.c:738:13:MX_GPIO_Init	40	static
../Core/Src/main.c:783:6:Error_Handler	8	static,ignoring_inline_asm
