../Core/Src/main.c:106:9:read_encoder_value_1	16	static
../Core/Src/main.c:122:9:read_encoder_value_2	16	static
../Core/Src/main.c:138:9:read_encoder_value_3	16	static
../Core/Src/main.c:154:6:vel_calc	136	static
../Core/Src/main.c:185:6:HAL_TIM_PeriodElapsedCallback	48	static
../Core/Src/main.c:237:6:FDCAN_RxTxSettings	40	static
../Core/Src/main.c:279:5:_write	24	static
../Core/Src/main.c:290:5:main	8	static
../Core/Src/main.c:354:6:SystemClock_Config	88	static
../Core/Src/main.c:401:13:MX_FDCAN1_Init	8	static
../Core/Src/main.c:444:13:MX_I2C1_Init	8	static
../Core/Src/main.c:492:13:MX_TIM2_Init	80	static
../Core/Src/main.c:552:13:MX_TIM3_Init	56	static
../Core/Src/main.c:601:13:MX_TIM5_Init	56	static
../Core/Src/main.c:650:13:MX_TIM6_Init	24	static
../Core/Src/main.c:688:13:MX_USART2_UART_Init	8	static
../Core/Src/main.c:736:13:MX_GPIO_Init	40	static
../Core/Src/main.c:781:6:Error_Handler	8	static,ignoring_inline_asm
